" Why do you park in a driveway and drive in a parkway?"
"Why do you have a hot water heater when you dont need to heat hot water?"
" Why is an orange an orange and an apple not a red?"
"Why is a pear called a pear when there is only one?"
"What do they pack styrofoam in?"
"Why did God give men nipples?"
"Is grass really greener on the other side?"
"Do boxer shorts box?"
"Why do you wear a pair of panties and only one bra?"
"If Corn Oil comes from Corn, what does Baby Oil come from?"
"If nothing sticks to Teflon, how do you get Teflon to stick to a pan?"
"Why do you need a drivers license to buy liquor when you cant drink and drive?"
"Why isnt phonetic spelled the way it sounds?"
"Why are there interstate highways in Hawaii?"
"Why are there floatation devices under plane seats instead of parachutes?"
"Why are cigarettes sold in gas stations when smoking is prohibited there?"
"Do you need a silencer if you are going to shoot a mime?"
"Have you ever imagined a world with no hypothetical situations?"
"How does the guy who drives the snow plow get to work?"
"If 7-11 is open 24 hours a day, 365 days a year, why are there locks on the doors?"
"If a cow laughs, does milk come out its nose?"
"If you are driving at the speed of light and you turn on you headlights, what happens?"
"You know how most packages say OPEN HERE.  What is the protocol if the package says, Open somewhere else?"
"Why do they put Braille dots on the keypad of the drive up ATM?"
"Why is it that when you transport something by car, its called a shipment, but when you transport something by ship its called cargo?"
"You know that little indestructible black box that is used on  planes, why cant they make the whole plane out of the same substance?
"Why is it that when you are driving and looking for an address, you turn the radio down?"
"Why dont sheep shrink when it rains?"
"Why are they called apartments when they are all stuck together?"
"Why do they plastic wrap croutons, its stale bread already"