"I think I did pretty well, considering I started out with nothing but a bunch of blank paper. Steve Martin "
"The surest sign that intelligent life exists elsewhere in the universe is that it has never tried to contact us. Calvin and Hobbes"
"Be curious, not judgemental. Walt Whitman "
"I expect to pass through life but once. If therefore, there be any act of kindness I can show, or any good thing I can do to any fellow human being, let me do it now, as I shall not pass this way again. William Penn "
"I haven't committed a crime. What I did was fail to comply with the law. David Dinkins"
"Our life is fritted away by detail. Simplify, simplify, simplify! Henry David Thoreau "
"All that we see or seem, is but a dream within a dream. Edgar Allan Poe "
"Anyone who is capable of getting themselves made President should on no account be allowed to do the job. Douglas Adams" 
"To everything there is a season, and a time for every purpose under heaven. The Bible "
"I believe in Christianity as I believe in the rising sun, not because I see it, but by it I can see all else. C. S. Lewis "
"Millions long for immortality who do not know what to do with themselves on a rainy Sunday afternoon. Susan Ertz "
"Never let formal education get in the way of your learning. Mark Twain "
"If a man does not keep pace with his companions, perhaps it is because he hears a different drummer. Let him step to the music which he hears, however measured or far away. Henry David Thoreau" 
"Imagination is more important than intelligence. Albert Einstein "
"Whats in a name? That which we call a rose by any other name would smell as sweet. William Shakespeare "
"If you want a picture of the future, imagine a boot stomping on a human face forever. George Orwell "
"I know not what weapons World War III will be fought with, but World War IV will be fought with sticks and stones. Albert Einstein "
"Whenever they burn books they will also, in the end, burn human beings. Heinrich Heine "
"It is regrettable for the education of the young that war stories are always told by those who survived. Louis Scutenaire "
"Nobody controls his own life. The best you can do is choose to be controlled by good people, by people who love you. Orson Scott Card "
"Computers are useless. They can only give you answers. Pablo Picasso "
"The American republic will endure until the day Congress discovers that it can bribe the public with the publics money. Alexis de Toucqueville "
"We all enter this world the same way, naked, screaming, soaked in blood. But if you live your life right, that kind of thing doesn't have to stop there. Dana Gould"
"We are, after all, professionals. Hunter S. Thompson "
"Well, I got a pack of matches from the bar and put it in my pocket. Now whenever I put my hands in my pockets Im afraid Ill set my pants on fire. Lawrence Solomon" 
"There is a fine line between fishing and standing on the shore looking like an idiot. Steven Wright "
"Ah, women. They make the highs higher and the lows more frequent. Friedrich Nietzsche "
"This approach would violate special relativity, so we decided not to try to implement it. Andrew Tanenbaum "
"It was a beautiful, almost poetic way to cap what had been a textbook career of brilliant, original mathematical insights punctuated with outbursts of random, deeply unhinged violence. Olin Shivers "
"The Pledge of Allegiance says liberty and justice for all. What part of all don't you understand? Rep. Pat Schroeder"
"Every person takes the limits of their own field of vision for the limits of the world. Schopenhauer "
"Its not denial, Im just very selective about the reality I accept. Calvin "
"It was only after their population of fifty mysteriously shrank to eight that the other seven dwarves began to suspect Hungry. Mike Jittlov "
"That is the saving grace of humor, if you fail, no one is laughing at you. A. Whitney Brown "
"If some unemployed punk in Trenton lying on a sofa with a bong can get a cassette to make love to Elle MacPherson for $19.95, this virtual reality stuff is going to make crack look like Sanka. Dennis Miller "
"Reality is that which, when you stop believing in it, doesn't go away. Philip K. Dick "
"If some guy is six-foot-five with gigantic muscles and is incredibly handsome, why does he need to put on a bat suit? Why doesn't he just put on a ski mask and kick the crap out of people? Tim Burton "
"A pessimist sees the difficulty in every opportunity; an optimist sees the opportunity in every difficulty. Sir Winston Churchill "
"If you would not be forgotten, as soon as you are dead and rotten, either write things worth reading, or do things worth the writing. Ben Franklin "
"Its kind of fun to do the impossible. Walt Disney "
"For you see, each day I love you more, Today more than yesterday and less than tomorrow. Rosemonde Gerard "
"At the beginning and at the end of love, the two lovers are embarrassed to find themselves alone. La Bruyere "
"If we judge of love by its usual effects, it resembles hatred more than friendship. La Rochefoucauld "
"It is with true love as it is with ghosts, everyone talks about it, but few have seen it. La Rochefoucauld "
"Upon hearing this, absolutely nobody was enlightened, primarily because nobody understood Chinese. Camden Benares, Zen Without Zen Masters "
"Football is a mistake. It combines two of the worst things about American life, it is violence punctuated by committee meetings. George Will "
"Think of it, soldiers, from the summit of these pyramids, forty centuries look down upon you. Napoleon "
"People in the computer industry use the word user, which to them means idiot. Dave Barry "
"A ship then new they built for him Of mithril and of elven glass. J.R.R. Tolkien "
"Whenever I hear anyone arguing for slavery, I feel a strong impulse to see it tried on him personally. Abraham Lincoln "
"There are two major products that come out of Berkeley, LSD and UNIX. We don't believe this to be a coincedence. Jeremy Anderson "
"Thus the metric system didn't really catch on in the States, unless you count the increasing popularity of the nine millimeter bullet. Dave Barry "
"I don't want to achieve immortality through my work. I want to achieve immortality through not dying. Woody Allen "
"Most of the other suggestions involved doing things that were either impractical, obscene, or illegal. I tried them all personally, and although I must say I enjoyed several of them, they didn't meet all the criteria for selection. Scott Adams "
"Whether your faith is that there is a god or that there is not a god, if you don't have any doubts, you are either kidding yourself or asleep. Frederick Buechner "
"He felt that his whole life was some kind of dream, and he sometimes wondered whose it was and whether they were enjoying it. Douglas Adams "